TAP version 13
not ok 1 tw completion lists repos with .git suffix
  ---
    operator: 
    expected: 
    actual: 
    at: ~/src/pean/twine/tests/completions.test.fish:19
  ...
not ok 2 tw completion strips .git suffix from repo names
  ---
    operator: 
    expected: 
    actual: 
    at: ~/src/pean/twine/tests/completions.test.fish:33
  ...
not ok 3 tw completion includes tmux sessions
  ---
    operator: 
    expected: 
    actual: 
    at: ~/src/pean/twine/tests/completions.test.fish:45
  ...
not ok 4 tw completion searches multiple base directories
  ---
    operator: 
    expected: 
    actual: 
    at: ~/src/pean/twine/tests/completions.test.fish:66
  ...
not ok 5 tw branch completion finds repo in base directories
  ---
    operator: 
    expected: 
    actual: 
    at: ~/src/pean/twine/tests/completions.test.fish:82
  ...
not ok 6 t completion lists directories from base dirs
  ---
    operator: 
    expected: 
    actual: 
    at: ~/src/pean/twine/tests/completions.test.fish:114
  ...
not ok 7 t completion includes tmux sessions
  ---
    operator: 
    expected: 
    actual: 
    at: ~/src/pean/twine/tests/completions.test.fish:134
  ...
not ok 8 t completion searches multiple base directories
  ---
    operator: 
    expected: 
    actual: 
    at: ~/src/pean/twine/tests/completions.test.fish:155
  ...
not ok 9 twine completion includes all verbose actions
  ---
    operator: 
    expected: 
    actual: 
    at: ~/src/pean/twine/tests/completions.test.fish:178
  ...
not ok 10 twine completion includes only tw t ts shortcuts
  ---
    operator: 
    expected: 
    actual: 
    at: ~/src/pean/twine/tests/completions.test.fish:192
  ...
not ok 11 warns when TWINE_BASE_DIRS not configured
  ---
    operator: 
    expected: 
    actual: 
    at: ~/src/pean/twine/tests/config.test.fish:5
  ...
not ok 12 sets default TWINE_SESSION_PREFIX to empty
  ---
    operator: 
    expected: 
    actual: 
    at: ~/src/pean/twine/tests/config.test.fish:10
  ...
⚠️  Twine: TWINE_BASE_DIRS not configured
   Add to ~/.config/fish/config.fish:
   set -gx TWINE_BASE_DIRS ~/src/repos
not ok 13 sets default TWINE_USE_TMUXINATOR to auto
  ---
    operator: 
    expected: 
    actual: 
    at: ~/src/pean/twine/tests/config.test.fish:15
  ...
⚠️  Twine: TWINE_BASE_DIRS not configured
   Add to ~/.config/fish/config.fish:
   set -gx TWINE_BASE_DIRS ~/src/repos
not ok 14 __twine_use_tmuxinator returns 1 when explicitly disabled
  ---
    operator: 
    expected: 
    actual: 
    at: ~/src/pean/twine/tests/config.test.fish:20
  ...
⚠️  Twine: TWINE_BASE_DIRS not configured
   Add to ~/.config/fish/config.fish:
   set -gx TWINE_BASE_DIRS ~/src/repos
not ok 15 __twine_use_tmuxinator returns 1 when tmuxinator not installed
  ---
    operator: 
    expected: 
    actual: 
    at: ~/src/pean/twine/tests/config.test.fish:25
  ...
⚠️  Twine: TWINE_BASE_DIRS not configured
   Add to ~/.config/fish/config.fish:
   set -gx TWINE_BASE_DIRS ~/src/repos
not ok 16 __twine_use_tmuxinator returns 0 when explicitly enabled and tmuxinator exists
  ---
    operator: 
    expected: 
    actual: 
    at: ~/src/pean/twine/tests/config.test.fish:43
  ...
⚠️  Twine: TWINE_BASE_DIRS not configured
   Add to ~/.config/fish/config.fish:
   set -gx TWINE_BASE_DIRS ~/src/repos
not ok 17 __twine_use_tmuxinator auto mode returns 0 when tmuxinator exists and layout configured
  ---
    operator: 
    expected: 
    actual: 
    at: ~/src/pean/twine/tests/config.test.fish:61
  ...
⚠️  Twine: TWINE_BASE_DIRS not configured
   Add to ~/.config/fish/config.fish:
   set -gx TWINE_BASE_DIRS ~/src/repos
not ok 18 __twine_use_tmuxinator auto mode returns 1 when layout not configured
  ---
    operator: 
    expected: 
    actual: 
    at: ~/src/pean/twine/tests/config.test.fish:80
  ...
⚠️  Twine: TWINE_BASE_DIRS not configured
   Add to ~/.config/fish/config.fish:
   set -gx TWINE_BASE_DIRS ~/src/repos
not ok 19 t errors when TWINE_BASE_DIRS not configured
  ---
    operator: 
    expected: 
    actual: 
    at: ~/src/pean/twine/tests/t.test.fish:23
  ...
not ok 20 t builds session names with and without prefix
  ---
    operator: 
    expected: 
    actual: 
    at: ~/src/pean/twine/tests/t.test.fish:30
  ...
not ok 21 t searches for repo in base directories
  ---
    operator: 
    expected: 
    actual: 
    at: ~/src/pean/twine/tests/t.test.fish:41
  ...
not ok 22 t finds worktree in bare repo
  ---
    operator: 
    expected: 
    actual: 
    at: ~/src/pean/twine/tests/t.test.fish:63
  ...
not ok 23 t shows usage when called without arguments
  ---
    operator: 
    expected: 
    actual: 
    at: ~/src/pean/twine/tests/t.test.fish:84
  ...
not ok 24 __twine_attach accepts session name argument
  ---
    operator: 
    expected: 
    actual: 
    at: ~/src/pean/twine/tests/ta.test.fish:9
  ...
not ok 25 __twine_attach switches to existing session when in TMUX
  ---
    operator: 
    expected: 
    actual: 
    at: ~/src/pean/twine/tests/ta.test.fish:30
  ...
not ok 26 __twine_attach attaches to session when not in TMUX
  ---
    operator: 
    expected: 
    actual: 
    at: ~/src/pean/twine/tests/ta.test.fish:52
  ...
not ok 27 __twine_attach shows usage when called without arguments
  ---
    operator: 
    expected: 
    actual: 
    at: ~/src/pean/twine/tests/ta.test.fish:73
  ...
not ok 28 ts errors when tmuxinator not installed
  ---
    operator: 
    expected: 
    actual: 
    at: ~/src/pean/twine/tests/ts.test.fish:15
  ...
not ok 29 ts errors when not in a git repo
  ---
    operator: 
    expected: 
    actual: 
    at: ~/src/pean/twine/tests/ts.test.fish:33
  ...
not ok 30 ts extracts repo name correctly
  ---
    operator: 
    expected: 
    actual: 
    at: ~/src/pean/twine/tests/ts.test.fish:59
  ...
not ok 31 ts strips leading dot from repo name
  ---
    operator: 
    expected: 
    actual: 
    at: ~/src/pean/twine/tests/ts.test.fish:99
  ...
not ok 32 tw shows usage when no arguments
  ---
    operator: 
    expected: 
    actual: 
    at: ~/src/pean/twine/tests/tw.test.fish:32
  ...
not ok 33 tw errors when TWINE_BASE_DIRS not configured
  ---
    operator: 
    expected: 
    actual: 
    at: ~/src/pean/twine/tests/tw.test.fish:38
  ...
not ok 34 tw strips .git suffix from repo name
  ---
    operator: 
    expected: 
    actual: 
    at: ~/src/pean/twine/tests/tw.test.fish:45
  ...
not ok 35 tw finds repo with .git suffix (bare repo)
  ---
    operator: 
    expected: 
    actual: 
    at: ~/src/pean/twine/tests/tw.test.fish:58
  ...
not ok 36 tw finds repo without .git suffix (regular repo)
  ---
    operator: 
    expected: 
    actual: 
    at: ~/src/pean/twine/tests/tw.test.fish:75
  ...
not ok 37 tw searches multiple base directories
  ---
    operator: 
    expected: 
    actual: 
    at: ~/src/pean/twine/tests/tw.test.fish:100
  ...
not ok 38 tw applies session prefix when configured
  ---
    operator: 
    expected: 
    actual: 
    at: ~/src/pean/twine/tests/tw.test.fish:124
  ...
not ok 39 tw builds correct worktree path
  ---
    operator: 
    expected: 
    actual: 
    at: ~/src/pean/twine/tests/tw.test.fish:135
  ...
not ok 40 twine routes worktree action to tw
  ---
    operator: 
    expected: 
    actual: 
    at: ~/src/pean/twine/tests/twine.test.fish:43
  ...
not ok 41 twine routes tw shortcut to tw function
  ---
    operator: 
    expected: 
    actual: 
    at: ~/src/pean/twine/tests/twine.test.fish:51
  ...
not ok 42 twine routes session action to t
  ---
    operator: 
    expected: 
    actual: 
    at: ~/src/pean/twine/tests/twine.test.fish:59
  ...
not ok 43 twine routes t shortcut to t function
  ---
    operator: 
    expected: 
    actual: 
    at: ~/src/pean/twine/tests/twine.test.fish:67
  ...
not ok 44 twine routes attach action to __twine_attach
  ---
    operator: 
    expected: 
    actual: 
    at: ~/src/pean/twine/tests/twine.test.fish:75
  ...
not ok 45 twine routes start action to ts
  ---
    operator: 
    expected: 
    actual: 
    at: ~/src/pean/twine/tests/twine.test.fish:83
  ...
not ok 46 twine routes ts shortcut to ts function
  ---
    operator: 
    expected: 
    actual: 
    at: ~/src/pean/twine/tests/twine.test.fish:91
  ...
not ok 47 twine routes init action to __twine_init
  ---
    operator: 
    expected: 
    actual: 
    at: ~/src/pean/twine/tests/twine.test.fish:99
  ...
not ok 48 twine routes convert action to __twine_convert
  ---
    operator: 
    expected: 
    actual: 
    at: ~/src/pean/twine/tests/twine.test.fish:107
  ...
not ok 49 twine shows error for unknown action
  ---
    operator: 
    expected: 
    actual: 
    at: ~/src/pean/twine/tests/twine.test.fish:115
  ...
not ok 50 twine shows help when called without arguments
  ---
    operator: 
    expected: 
    actual: 
    at: ~/src/pean/twine/tests/twine.test.fish:123
  ...
not ok 51 twine shows help with --help flag
  ---
    operator: 
    expected: 
    actual: 
    at: ~/src/pean/twine/tests/twine.test.fish:131
  ...

1..51
# pass 0
# fail 51
